[keenthemes.com/metronic/tailwind/demo1/account/home/user-profile.html]
[backblue.gif]
[fade.gif]
[index.html]
[keenthemes.com/static/metronic/tailwind/dist/assets/media/app/apple-touch-icon.png]
[keenthemes.com/static/metronic/tailwind/dist/assets/media/app/favicon-32x32.png]
[keenthemes.com/static/metronic/tailwind/dist/assets/media/app/favicon-16x16.png]
[keenthemes.com/static/metronic/tailwind/dist/assets/vendors/apexcharts/apexcharts.css]
[keenthemes.com/static/metronic/tailwind/dist/assets/vendors/keenicons/styles.bundle.css]
[keenthemes.com/static/metronic/tailwind/dist/assets/css/styles.css]
[keenthemes.com/metronic/tailwind/demo1/account/home/get-started.html]
[keenthemes.com/metronic/tailwind/demo1/account/home/company-profile.html]
[keenthemes.com/metronic/tailwind/demo1/account/home/settings-sidebar.html]
[keenthemes.com/metronic/tailwind/demo1/account/home/settings-enterprise.html]
[keenthemes.com/metronic/tailwind/demo1/account/home/settings-plain.html]
[keenthemes.com/metronic/tailwind/demo1/account/home/settings-modal.html]
[keenthemes.com/static/metronic/tailwind/dist/assets/media/avatars/300-4.png]
[keenthemes.com/static/metronic/tailwind/dist/assets/media/avatars/300-1.png]
[keenthemes.com/static/metronic/tailwind/dist/assets/media/avatars/300-2.png]
[keenthemes.com/static/metronic/tailwind/dist/assets/media/avatars/300-5.png]
[keenthemes.com/static/metronic/tailwind/dist/assets/media/avatars/300-14.png]
[keenthemes.com/static/metronic/tailwind/dist/assets/media/avatars/300-27.png]
[keenthemes.com/static/metronic/tailwind/dist/assets/media/avatars/300-11.png]
[keenthemes.com/static/metronic/tailwind/dist/assets/media/avatars/300-25.png]
[keenthemes.com/static/metronic/tailwind/dist/assets/media/avatars/300-34.png]
[keenthemes.com/static/metronic/tailwind/dist/assets/media/avatars/300-29.png]
[keenthemes.com/static/metronic/tailwind/dist/assets/media/avatars/300-3.png]
[keenthemes.com/static/metronic/tailwind/dist/assets/media/avatars/300-30.png]
[keenthemes.com/static/metronic/tailwind/dist/assets/media/avatars/300-24.png]
[keenthemes.com/static/metronic/tailwind/dist/assets/media/avatars/300-15.png]
[keenthemes.com/static/metronic/tailwind/dist/assets/media/avatars/300-6.png]
[keenthemes.com/static/metronic/tailwind/dist/assets/media/avatars/300-12.png]
[keenthemes.com/static/metronic/tailwind/dist/assets/media/avatars/300-21.png]
[keenthemes.com/static/metronic/tailwind/dist/assets/media/avatars/300-13.png]
[keenthemes.com/static/metronic/tailwind/dist/assets/media/images/600x600/6.jpg]
[keenthemes.com/static/metronic/tailwind/dist/assets/media/images/600x600/1.jpg]
[keenthemes.com/static/metronic/tailwind/dist/assets/media/avatars/300-19.png]
[keenthemes.com/static/metronic/tailwind/dist/assets/media/avatars/300-17.png]
[keenthemes.com/static/metronic/tailwind/dist/assets/media/avatars/300-9.png]
[keenthemes.com/static/metronic/tailwind/dist/assets/media/avatars/blank.png]
[keenthemes.com/static/metronic/tailwind/dist/assets/media/images/2600x1200/bg-5.png]
[keenthemes.com/static/metronic/tailwind/dist/assets/media/images/2600x1200/bg-5-dark.png]
[keenthemes.com/static/metronic/tailwind/dist/assets/media/images/2600x1200/3.png]
[keenthemes.com/static/metronic/tailwind/dist/assets/media/images/2600x1200/3-dark.png]
[keenthemes.com/static/metronic/tailwind/dist/assets/media/avatars/300-8.png]
[keenthemes.com/static/metronic/tailwind/dist/assets/media/avatars/300-18.png]
[keenthemes.com/static/metronic/tailwind/dist/assets/media/avatars/300-20.png]
[keenthemes.com/static/metronic/tailwind/dist/assets/js/core.bundle.js]
[keenthemes.com/static/metronic/tailwind/dist/assets/vendors/apexcharts/apexcharts.min.js]
[keenthemes.com/metronic/tailwind/demo1/account/home/user-profile.html]
[keenthemes.com/static/metronic/tailwind/dist/assets/vendors/apexcharts/apexcharts.css]
[keenthemes.com/static/metronic/tailwind/dist/assets/js/layouts/demo1.js]
[keenthemes.com/static/metronic/tailwind/dist/assets/vendors/keenicons/fonts/keenicons-duotone3d6a.ttf]
[keenthemes.com/static/metronic/tailwind/dist/assets/vendors/keenicons/fonts/keenicons-duotone3d6a.woff]
[keenthemes.com/static/metronic/tailwind/dist/assets/vendors/keenicons/fonts/keenicons-filledf548.ttf]
[keenthemes.com/static/metronic/tailwind/dist/assets/vendors/keenicons/fonts/keenicons-filledf548.woff]
[keenthemes.com/static/metronic/tailwind/dist/assets/vendors/keenicons/fonts/keenicons-outline3e5d.ttf]
[keenthemes.com/static/metronic/tailwind/dist/assets/vendors/keenicons/fonts/keenicons-outline3e5d.woff]
[keenthemes.com/static/metronic/tailwind/dist/assets/vendors/keenicons/fonts/keenicons-solid6ca2.ttf]
[keenthemes.com/static/metronic/tailwind/dist/assets/vendors/keenicons/fonts/keenicons-solid6ca2.woff]
[keenthemes.com/static/metronic/tailwind/dist/assets/vendors/keenicons/styles.bundle.css]
[keenthemes.com/static/metronic/tailwind/dist/assets/css/styles.css]
[keenthemes.com/metronic/tailwind/demo1/account/home/get-started.html]
[keenthemes.com/metronic/tailwind/demo1/account/home/company-profile.html]
[keenthemes.com/static/metronic/tailwind/dist/assets/media/images/2600x1600/bg-2.png]
[keenthemes.com/static/metronic/tailwind/dist/assets/media/images/2600x1600/bg-2-dark.png]
[keenthemes.com/static/metronic/tailwind/dist/assets/media/images/2600x1600/bg-1.png]
[keenthemes.com/static/metronic/tailwind/dist/assets/media/images/2600x1600/bg-1-dark.png]
[keenthemes.com/static/metronic/tailwind/dist/assets/media/images/600x400/28.jpg]
[keenthemes.com/static/metronic/tailwind/dist/assets/media/images/600x400/32.jpg]
[keenthemes.com/static/metronic/tailwind/dist/assets/media/images/600x400/30.jpg]
[keenthemes.com/metronic/tailwind/demo1/account/home/settings-sidebar.html]
[keenthemes.com/static/metronic/tailwind/dist/assets/media/images/600x600/22.jpg]
[keenthemes.com/metronic/tailwind/demo1/account/home/settings-enterprise.html]
[keenthemes.com/metronic/tailwind/demo1/account/home/settings-plain.html]
[keenthemes.com/static/metronic/tailwind/dist/assets/vendors/leaflet/leaflet.bundle.css]
[keenthemes.com/static/metronic/tailwind/dist/assets/media/images/2600x1200/bg-1.png]
[keenthemes.com/static/metronic/tailwind/dist/assets/media/images/2600x1200/bg-1-dark.png]
[keenthemes.com/static/metronic/tailwind/dist/assets/vendors/leaflet/leaflet.bundle.js]
[keenthemes.com/metronic/tailwind/demo1/account/home/settings-modal.html]
[keenthemes.com/static/metronic/tailwind/dist/assets/vendors/keenicons/fonts/keenicons-duotone3d6a.svg]
[keenthemes.com/static/metronic/tailwind/dist/assets/js/widgets/general.js]
[keenthemes.com/static/metronic/tailwind/dist/assets/vendors/keenicons/fonts/keenicons-filledf548.svg]
[keenthemes.com/static/metronic/tailwind/dist/assets/vendors/keenicons/fonts/keenicons-outline3e5d.svg]
[keenthemes.com/static/metronic/tailwind/dist/assets/vendors/keenicons/fonts/keenicons-solid6ca2.svg]
[keenthemes.com/static/metronic/tailwind/dist/assets/vendors/leaflet/images/layers.png]
[keenthemes.com/static/metronic/tailwind/dist/assets/vendors/leaflet/images/layers-2x.png]
[keenthemes.com/static/metronic/tailwind/dist/assets/vendors/leaflet/images/marker-icon.png]
[keenthemes.com/static/metronic/tailwind/dist/assets/vendors/leaflet/leaflet.bundle.css]
[keenthemes.com/static/metronic/tailwind/dist/assets/vendors/leaflet/images/layers.html]
[keenthemes.com/static/metronic/tailwind/dist/assets/vendors/leaflet/images/layers-2x.html]
[keenthemes.com/static/metronic/tailwind/dist/assets/vendors/leaflet/images/marker-icon.html]
