[zoyothemes.com/palexi/index-1.html]
[zoyothemes.com/palexi/images/favicon-img.ico]
[backblue.gif]
[fade.gif]
[index.html]
[zoyothemes.com/palexi/css/bootstrap.min.css]
[zoyothemes.com/palexi/css/materialdesignicons.min.css]
[zoyothemes.com/palexi/css/mobiriseicons.css]
[zoyothemes.com/palexi/css/magnific-popup.css]
[zoyothemes.com/palexi/css/owl.carousel.css]
[zoyothemes.com/palexi/css/owl.theme.css]
[zoyothemes.com/palexi/css/owl.transitions.css]
[zoyothemes.com/palexi/css/menu.css]
[zoyothemes.com/palexi/css/style.css]
[zoyothemes.com/palexi/css/colors/default.css]
[zoyothemes.com/palexi/index.html]
[zoyothemes.com/palexi/images/img-1.jpg]
[zoyothemes.com/palexi/images/img-2.jpg]
[zoyothemes.com/palexi/images/img-3.jpg]
[zoyothemes.com/palexi/images/about/img-1.jpg]
[zoyothemes.com/palexi/images/about/img-2.jpg]
[zoyothemes.com/palexi/images/about/img-3.jpg]
[zoyothemes.com/palexi/images/portfolio/portfolio-1.jpg]
[zoyothemes.com/palexi/images/portfolio/portfolio-2.jpg]
[zoyothemes.com/palexi/images/portfolio/portfolio-3.jpg]
[zoyothemes.com/palexi/images/portfolio/portfolio-4.jpg]
[zoyothemes.com/palexi/images/portfolio/portfolio-5.jpg]
[zoyothemes.com/palexi/images/portfolio/portfolio-6.jpg]
[zoyothemes.com/palexi/images/testimonial/1.jpg]
[zoyothemes.com/palexi/images/testimonial/2.jpg]
[zoyothemes.com/palexi/images/testimonial/3.jpg]
[zoyothemes.com/palexi/images/team/team-3.jpg]
[zoyothemes.com/palexi/images/team/team-4.jpg]
[zoyothemes.com/palexi/images/team/team-1.jpg]
[zoyothemes.com/palexi/images/team/team-2.jpg]
[zoyothemes.com/palexi/images/blog/blog-1.jpg]
[zoyothemes.com/palexi/images/blog/blog-2.jpg]
[zoyothemes.com/palexi/images/blog/blog-3.jpg]
[zoyothemes.com/palexi/images/clients/1.png]
[zoyothemes.com/palexi/images/clients/2.png]
[zoyothemes.com/palexi/images/clients/3.png]
[zoyothemes.com/palexi/images/clients/4.png]
[zoyothemes.com/palexi/js/jquery.min.js]
[zoyothemes.com/palexi/js/popper.min.js]
[zoyothemes.com/palexi/js/bootstrap.min.js]
[zoyothemes.com/palexi/js/jquery.easing.min.js]
[zoyothemes.com/palexi/js/owl.carousel.min.js]
[zoyothemes.com/palexi/js/scrollspy.min.js]
[zoyothemes.com/palexi/js/counter.init.js]
[zoyothemes.com/palexi/js/contact-form.init.js]
[zoyothemes.com/palexi/js/isotope.js]
[zoyothemes.com/palexi/js/imagesloaded.pkgd.min.js]
[zoyothemes.com/palexi/js/masonry.pkgd.min.js]
[zoyothemes.com/palexi/js/jquery.magnific-popup.min.js]
[zoyothemes.com/palexi/js/switcher.js]
[zoyothemes.com/palexi/index-1.html]
[zoyothemes.com/palexi/css/bootstrap.min.css]
[zoyothemes.com/palexi/js/jquery.app.js]
[zoyothemes.com/palexi/fonts/materialdesignicons-webfontdf71.eot]
[zoyothemes.com/palexi/fonts/materialdesignicons-webfontd41d.eot]
[zoyothemes.com/palexi/fonts/materialdesignicons-webfontdf71.woff2]
[zoyothemes.com/palexi/fonts/materialdesignicons-webfontdf71.woff]
[zoyothemes.com/palexi/fonts/materialdesignicons-webfontdf71.ttf]
[zoyothemes.com/palexi/css/materialdesignicons.min.css]
[zoyothemes.com/palexi/fonts/MobiriseIcons.3a73ab.delayed]
[zoyothemes.com/palexi/fonts/materialdesignicons-webfontdf71.svg]
[zoyothemes.com/palexi/fonts/mobirise73ab.ttf]
[zoyothemes.com/palexi/fonts/mobirise73ab.woff]
[zoyothemes.com/palexi/fonts/MobiriseIcons.3d73ab.delayed]
[zoyothemes.com/palexi/css/mobiriseicons.css]
[zoyothemes.com/palexi/css/magnific-popup.css]
[zoyothemes.com/palexi/css/owl.carousel.css]
[zoyothemes.com/palexi/css/AjaxLoader.3e.delayed]
[zoyothemes.com/palexi/css/owl.theme.css]
[zoyothemes.com/palexi/css/owl.transitions.css]
[zoyothemes.com/palexi/css/menu.css]
[zoyothemes.com/palexi/images/home-bg.jpg]
[zoyothemes.com/palexi/images/img-4.jpg]
[zoyothemes.com/palexi/images/img-5.jpg]
[zoyothemes.com/palexi/css/style.css]
[zoyothemes.com/palexi/css/colors/default.css]
[zoyothemes.com/palexi/assets/images/favicon.ico]
[zoyothemes.com/palexi/assets/css/bootstrap.min.css]
[zoyothemes.com/palexi/assets/css/demo.css]
[zoyothemes.com/palexi/assets/images/demo/index_1.jpg]
[zoyothemes.com/palexi/index-2.html]
[zoyothemes.com/palexi/assets/images/demo/index_2.jpg]
[zoyothemes.com/palexi/index-3.html]
[zoyothemes.com/palexi/assets/images/demo/index_3.jpg]
[zoyothemes.com/palexi/index-4.html]
[zoyothemes.com/palexi/assets/images/demo/index_4.jpg]
[zoyothemes.com/palexi/index-5.html]
[zoyothemes.com/palexi/assets/images/demo/index_5.jpg]
[zoyothemes.com/palexi/index-6.html]
[zoyothemes.com/palexi/assets/images/demo/index_6.jpg]
[zoyothemes.com/palexi/index-7.html]
[zoyothemes.com/palexi/assets/images/demo/index_7.jpg]
[zoyothemes.com/palexi/index-8.html]
[zoyothemes.com/palexi/assets/images/demo/index_8.jpg]
[zoyothemes.com/palexi/index-9.html]
[zoyothemes.com/palexi/assets/images/demo/index_9.jpg]
[zoyothemes.com/palexi/assets/js/jquery-2.1.4.min.js]
[zoyothemes.com/palexi/index.html]
[zoyothemes.com/palexi/fonts/materialdesignicons-webfontdf71.svg]
[zoyothemes.com/palexi/fonts/MobiriseIcons73ab.html]
[zoyothemes.com/palexi/fonts/MobiriseIcons73ab-2.html]
[zoyothemes.com/palexi/css/AjaxLoader.html]
[zoyothemes.com/palexi/assets/js/bootstrap.min.js]
[zoyothemes.com/palexi/assets/fonts/glyphicons-halflings-regular.58.delayed]
[zoyothemes.com/palexi/assets/fonts/glyphicons-halflings-regular.59d41d.delayed]
[zoyothemes.com/palexi/assets/fonts/glyphicons-halflings-regular.5a.delayed]
[zoyothemes.com/palexi/assets/fonts/glyphicons-halflings-regular.5b.delayed]
[zoyothemes.com/palexi/assets/fonts/glyphicons-halflings-regular.5c.delayed]
[zoyothemes.com/palexi/assets/fonts/glyphicons-halflings-regular.5d.delayed]
[zoyothemes.com/palexi/assets/css/bootstrap.min.css]
[zoyothemes.com/palexi/assets/css/demo.css]
[zoyothemes.com/palexi/index-2.html]
[zoyothemes.com/palexi/index-3.html]
[zoyothemes.com/palexi/js/jquery.simple-text-rotator.js]
[zoyothemes.com/palexi/index-4.html]
[zoyothemes.com/palexi/js/typed.js]
[zoyothemes.com/palexi/index-5.html]
[zoyothemes.com/palexi/js/jquery.backstretch.min.js]
[zoyothemes.com/palexi/css/flexslider.css]
[zoyothemes.com/palexi/index-6.html]
[zoyothemes.com/palexi/index-7.html]
[zoyothemes.com/palexi/index-8.html]
[zoyothemes.com/palexi/js/jquery.flexslider-min.js]
[zoyothemes.com/palexi/css/YTPlayer.css]
[zoyothemes.com/palexi/js/particles.js]
[zoyothemes.com/palexi/index-9.html]
[zoyothemes.com/palexi/assets/fonts/glyphicons-halflings-regular.html]
[zoyothemes.com/palexi/assets/fonts/glyphicons-halflings-regulard41d.html]
[zoyothemes.com/palexi/assets/fonts/glyphicons-halflings-regular-2.html]
[zoyothemes.com/palexi/assets/fonts/glyphicons-halflings-regular-3.html]
[zoyothemes.com/palexi/assets/fonts/glyphicons-halflings-regular-4.html]
[zoyothemes.com/palexi/assets/fonts/glyphicons-halflings-regular-5.html]
[zoyothemes.com/palexi/js/particles.app.js]
[zoyothemes.com/palexi/fonts/flexslider-icon.66.delayed]
[zoyothemes.com/palexi/fonts/flexslider-icon.67d41d.delayed]
[zoyothemes.com/palexi/fonts/flexslider-icon.68.delayed]
[zoyothemes.com/palexi/fonts/flexslider-icon.69.delayed]
[zoyothemes.com/palexi/fonts/flexslider-icon.6a.delayed]
[zoyothemes.com/palexi/css/flexslider.css]
[zoyothemes.com/palexi/css/ytp-regular.6b.delayed]
[zoyothemes.com/palexi/css/ytp-regular.6c.delayed]
[zoyothemes.com/palexi/images/raster.6d.delayed]
[zoyothemes.com/palexi/images/raster@2x.6e.delayed]
[zoyothemes.com/palexi/images/raster_dot.6f.delayed]
[zoyothemes.com/palexi/images/raster_dot@2x.70.delayed]
[zoyothemes.com/palexi/css/YTPlayer.css]
[zoyothemes.com/palexi/fonts/flexslider-icon.html]
[zoyothemes.com/palexi/fonts/flexslider-icond41d.html]
[zoyothemes.com/palexi/fonts/flexslider-icon-2.html]
[zoyothemes.com/palexi/fonts/flexslider-icon-3.html]
[zoyothemes.com/palexi/fonts/flexslider-icon-4.html]
[zoyothemes.com/palexi/css/ytp-regular.html]
[zoyothemes.com/palexi/css/ytp-regular-2.html]
[zoyothemes.com/palexi/images/raster.html]
[zoyothemes.com/palexi/images/raster@2x.html]
[zoyothemes.com/palexi/images/raster_dot.html]
[zoyothemes.com/palexi/images/raster_dot@2x.html]
